2026-09-26 08:02:11,938 [INFO] Loaded 4647088 residuals; 201503 after |residual| < 0.5 m
2026-09-26 08:02:11,938 [INFO] Station coordinates: 46
2026-09-26 08:02:11,938 [INFO] Building (time_bin, satellite, station) cells...
2026-09-26 08:02:12,019 [INFO] Control A: collecting same-satellite and cross-satellite pairs...
2026-09-26 08:02:16,524 [INFO]   same-sat pairs: 262 (from 7711 bin records)
2026-09-26 08:02:16,524 [INFO]   cross-sat pairs: 244 (from 2408 bin records)
2026-09-26 08:02:16,527 [INFO]   permutation null (same_satellite, n=2000)...
2026-09-26 08:02:21,031 [INFO]   permutation null (cross_satellite, n=2000)...
2026-09-26 08:02:25,252 [INFO] Controls B/C: daily aggregation — pooled, CM-removed, per-satellite...
2026-09-26 08:02:50,051 [INFO] Loaded 4647088 residuals; 201503 after |residual| < 0.5 m
2026-09-26 08:02:50,052 [INFO] Station coordinates: 46
2026-09-26 08:02:50,052 [INFO] Building (time_bin, satellite, station) cells...
2026-09-26 08:02:50,135 [INFO] Control A: collecting same-satellite and cross-satellite pairs...
2026-09-26 08:02:54,618 [INFO]   same-sat pairs: 262 (from 7711 bin records)
2026-09-26 08:02:54,619 [INFO]   cross-sat pairs: 244 (from 2408 bin records)
2026-09-26 08:02:54,621 [INFO]   permutation null (same_satellite, n=2000)...
2026-09-26 08:02:58,995 [INFO]   permutation null (cross_satellite, n=2000)...
2026-09-26 08:03:03,216 [INFO] Controls B/C: daily aggregation — pooled, CM-removed, per-satellite...
2026-09-26 08:03:03,675 [INFO] Results saved to /Users/matthewsmawfield/www/Temporal Equivalence Principle/TEP-SLR/results/outputs/step_2_7_orbit_commonmode_control.json
2026-09-27 22:27:21,978 [INFO] Loaded 4647088 residuals; 201503 after |residual| < 0.5 m
2026-09-27 22:27:21,979 [INFO] Station coordinates: 46
2026-09-27 22:27:21,980 [INFO] Building (time_bin, satellite, station) cells...
2026-09-27 22:27:22,112 [INFO] Control A: collecting same-satellite and cross-satellite pairs...
2026-09-27 22:27:30,096 [INFO]   same-sat pairs: 262 (from 7711 bin records)
2026-09-27 22:27:30,097 [INFO]   cross-sat pairs: 244 (from 2408 bin records)
2026-09-27 22:27:30,102 [INFO]   permutation null (same_satellite, n=2000)...
2026-09-27 22:27:35,921 [INFO]   label-swap null (same_satellite, n=2000)...
2026-09-27 22:27:50,594 [INFO]   permutation null (cross_satellite, n=2000)...
2026-09-27 22:27:55,819 [INFO]   label-swap null (cross_satellite, n=2000)...
2026-09-27 22:28:10,405 [INFO] Controls B/C: daily aggregation — pooled, CM-removed, per-satellite...
2026-09-27 22:28:11,095 [INFO] Results saved to /Users/matthewsmawfield/www/Temporal Equivalence Principle/TEP-SLR/results/outputs/step_2_7_orbit_commonmode_control.json
2026-09-27 22:31:47,932 [INFO] Loaded 4647088 residuals; 201503 after |residual| < 0.5 m
2026-09-27 22:31:47,937 [INFO] Station coordinates: 46
2026-09-27 22:31:47,937 [INFO] Building (time_bin, satellite, station) cells...
2026-09-27 22:31:48,066 [INFO] Control A: collecting same-satellite and cross-satellite pairs...
2026-09-27 22:31:55,850 [INFO]   same-sat pairs: 262 (from 7711 bin records)
2026-09-27 22:31:55,853 [INFO]   cross-sat pairs: 244 (from 2408 bin records)
2026-09-27 22:31:55,858 [INFO]   permutation null (same_satellite, n=2000)...
2026-09-27 22:32:01,706 [INFO]   label-swap null (same_satellite, n=2000)...
2026-09-27 22:32:16,495 [INFO]   permutation null (cross_satellite, n=2000)...
2026-09-27 22:32:21,883 [INFO]   label-swap null (cross_satellite, n=2000)...
2026-09-27 22:32:36,686 [INFO] Controls B/C: daily aggregation — pooled, CM-removed, per-satellite...
2026-09-27 22:32:37,446 [INFO] Results saved to /Users/matthewsmawfield/www/Temporal Equivalence Principle/TEP-SLR/results/outputs/step_2_7_orbit_commonmode_control.json
2026-09-27 22:37:07,007 [INFO] Loaded 4647088 residuals; 201503 after |residual| < 0.5 m
2026-09-27 22:37:07,008 [INFO] Station coordinates: 46
2026-09-27 22:37:07,008 [INFO] Building (time_bin, satellite, station) cells...
2026-09-27 22:37:07,144 [INFO] Control A: collecting same-satellite and cross-satellite pairs...
2026-09-27 22:37:14,452 [INFO]   same-sat pairs: 262 (from 7711 bin records)
2026-09-27 22:37:14,468 [INFO]   cross-sat pairs: 244 (from 2408 bin records)
2026-09-27 22:37:14,492 [INFO]   permutation null (same_satellite, n=2000)...
2026-09-27 22:37:20,103 [INFO]   label-swap null (same_satellite, n=2000)...
2026-09-27 22:37:34,686 [INFO]   permutation null (cross_satellite, n=2000)...
2026-09-27 22:37:40,113 [INFO]   label-swap null (cross_satellite, n=2000)...
2026-09-27 22:37:54,773 [INFO]   configuration sensitivity (cross-satellite)...
2026-09-27 22:38:21,635 [INFO] Controls B/C: daily aggregation — pooled, CM-removed, per-satellite...
2026-09-27 22:38:22,234 [INFO] Results saved to /Users/matthewsmawfield/www/Temporal Equivalence Principle/TEP-SLR/results/outputs/step_2_7_orbit_commonmode_control.json
